DEBUG - 2026-05-11 03:06:34 --> Session: Class initialized using 'CodeIgniter\Session\Handlers\FileHandler' driver.
DEBUG - 2026-05-11 03:06:37 --> Session: Class initialized using 'CodeIgniter\Session\Handlers\FileHandler' driver.
CRITICAL - 2026-05-11 03:06:37 --> Error: Call to undefined function App\Controllers\activerAbonnementGold()
[Method: GET, Route: wallet/devenirGold]
in APPPATH/Controllers/Wallet.php on line 44.
 1 SYSTEMPATH/CodeIgniter.php(951): App\Controllers\Wallet->devenirGold()
 2 SYSTEMPATH/CodeIgniter.php(497): CodeIgniter\CodeIgniter->runController(Object(App\Controllers\Wallet))
 3 SYSTEMPATH/CodeIgniter.php(340): CodeIgniter\CodeIgniter->handleRequest(null, Object(Config\Cache), false)
 4 SYSTEMPATH/Boot.php(417): CodeIgniter\CodeIgniter->run()
 5 SYSTEMPATH/Boot.php(68): CodeIgniter\Boot::runCodeIgniter(Object(CodeIgniter\CodeIgniter))
 6 FCPATH/index.php(59): CodeIgniter\Boot::bootWeb(Object(Config\Paths))
 7 SYSTEMPATH/rewrite.php(44): require_once('/Users/mendrika/Desktop/L2/S4/Systeme_info/PROJET_S4-1/public/index.php')
DEBUG - 2026-05-11 03:06:47 --> Session: Class initialized using 'CodeIgniter\Session\Handlers\FileHandler' driver.
DEBUG - 2026-05-11 03:06:47 --> Session: Class initialized using 'CodeIgniter\Session\Handlers\FileHandler' driver.
DEBUG - 2026-05-11 03:06:52 --> Session: Class initialized using 'CodeIgniter\Session\Handlers\FileHandler' driver.
DEBUG - 2026-05-11 03:06:52 --> Session: Class initialized using 'CodeIgniter\Session\Handlers\FileHandler' driver.
DEBUG - 2026-05-11 03:06:58 --> Session: Class initialized using 'CodeIgniter\Session\Handlers\FileHandler' driver.
DEBUG - 2026-05-11 03:06:58 --> Session: Class initialized using 'CodeIgniter\Session\Handlers\FileHandler' driver.
DEBUG - 2026-05-11 03:10:19 --> Session: Class initialized using 'CodeIgniter\Session\Handlers\FileHandler' driver.
DEBUG - 2026-05-11 03:10:20 --> Session: Class initialized using 'CodeIgniter\Session\Handlers\FileHandler' driver.
CRITICAL - 2026-05-11 03:10:23 --> Error: Call to undefined function App\Controllers\activerAbonnementGold()
[Method: GET, Route: wallet/devenirGold]
in APPPATH/Controllers/Wallet.php on line 46.
 1 SYSTEMPATH/CodeIgniter.php(951): App\Controllers\Wallet->devenirGold()
 2 SYSTEMPATH/CodeIgniter.php(497): CodeIgniter\CodeIgniter->runController(Object(App\Controllers\Wallet))
 3 SYSTEMPATH/CodeIgniter.php(340): CodeIgniter\CodeIgniter->handleRequest(null, Object(Config\Cache), false)
 4 SYSTEMPATH/Boot.php(417): CodeIgniter\CodeIgniter->run()
 5 SYSTEMPATH/Boot.php(68): CodeIgniter\Boot::runCodeIgniter(Object(CodeIgniter\CodeIgniter))
 6 FCPATH/index.php(59): CodeIgniter\Boot::bootWeb(Object(Config\Paths))
 7 SYSTEMPATH/rewrite.php(44): require_once('/Users/mendrika/Desktop/L2/S4/Systeme_info/PROJET_S4-1/public/index.php')
CRITICAL - 2026-05-11 03:10:27 --> Error: Call to undefined function App\Controllers\activerAbonnementGold()
[Method: GET, Route: wallet/devenirGold]
in APPPATH/Controllers/Wallet.php on line 46.
 1 SYSTEMPATH/CodeIgniter.php(951): App\Controllers\Wallet->devenirGold()
 2 SYSTEMPATH/CodeIgniter.php(497): CodeIgniter\CodeIgniter->runController(Object(App\Controllers\Wallet))
 3 SYSTEMPATH/CodeIgniter.php(340): CodeIgniter\CodeIgniter->handleRequest(null, Object(Config\Cache), false)
 4 SYSTEMPATH/Boot.php(417): CodeIgniter\CodeIgniter->run()
 5 SYSTEMPATH/Boot.php(68): CodeIgniter\Boot::runCodeIgniter(Object(CodeIgniter\CodeIgniter))
 6 FCPATH/index.php(59): CodeIgniter\Boot::bootWeb(Object(Config\Paths))
 7 SYSTEMPATH/rewrite.php(44): require_once('/Users/mendrika/Desktop/L2/S4/Systeme_info/PROJET_S4-1/public/index.php')
CRITICAL - 2026-05-11 03:11:37 --> ErrorException: require_once(/Users/mendrika/Desktop/L2/S4/Systeme_info/PROJET_S4-1/app/includes/fonctions.php): Failed to open stream: No such file or directory
[Method: GET, Route: wallet/devenirGold]
in APPPATH/Controllers/Wallet.php on line 42.
 1 APPPATH/Controllers/Wallet.php(42): CodeIgniter\Debug\Exceptions->errorHandler(2, 'require_once(/Users/mendrika/Desktop/L2/S4/Systeme_info/PROJET_S4-1/app/includes/fonctions.php): Failed to open stream: No such file or directory', '/Users/mendrika/Desktop/L2/S4/Systeme_info/PROJET_S4-1/app/Controllers/Wallet.php', 42)
 2 APPPATH/Controllers/Wallet.php(42): require_once()
 3 SYSTEMPATH/CodeIgniter.php(951): App\Controllers\Wallet->devenirGold()
 4 SYSTEMPATH/CodeIgniter.php(497): CodeIgniter\CodeIgniter->runController(Object(App\Controllers\Wallet))
 5 SYSTEMPATH/CodeIgniter.php(340): CodeIgniter\CodeIgniter->handleRequest(null, Object(Config\Cache), false)
 6 SYSTEMPATH/Boot.php(417): CodeIgniter\CodeIgniter->run()
 7 SYSTEMPATH/Boot.php(68): CodeIgniter\Boot::runCodeIgniter(Object(CodeIgniter\CodeIgniter))
 8 FCPATH/index.php(59): CodeIgniter\Boot::bootWeb(Object(Config\Paths))
 9 SYSTEMPATH/rewrite.php(44): require_once('/Users/mendrika/Desktop/L2/S4/Systeme_info/PROJET_S4-1/public/index.php')
CRITICAL - 2026-05-11 03:11:37 --> ErrorException: require_once(/Users/mendrika/Desktop/L2/S4/Systeme_info/PROJET_S4-1/app/includes/fonctions.php): Failed to open stream: No such file or directory
[Method: GET, Route: wallet/devenirGold]
in APPPATH/Controllers/Wallet.php on line 42.
 1 APPPATH/Controllers/Wallet.php(42): CodeIgniter\Debug\Exceptions->errorHandler(2, 'require_once(/Users/mendrika/Desktop/L2/S4/Systeme_info/PROJET_S4-1/app/includes/fonctions.php): Failed to open stream: No such file or directory', '/Users/mendrika/Desktop/L2/S4/Systeme_info/PROJET_S4-1/app/Controllers/Wallet.php', 42)
 2 APPPATH/Controllers/Wallet.php(42): require_once()
 3 SYSTEMPATH/CodeIgniter.php(951): App\Controllers\Wallet->devenirGold()
 4 SYSTEMPATH/CodeIgniter.php(497): CodeIgniter\CodeIgniter->runController(Object(App\Controllers\Wallet))
 5 SYSTEMPATH/CodeIgniter.php(340): CodeIgniter\CodeIgniter->handleRequest(null, Object(Config\Cache), false)
 6 SYSTEMPATH/Boot.php(417): CodeIgniter\CodeIgniter->run()
 7 SYSTEMPATH/Boot.php(68): CodeIgniter\Boot::runCodeIgniter(Object(CodeIgniter\CodeIgniter))
 8 FCPATH/index.php(59): CodeIgniter\Boot::bootWeb(Object(Config\Paths))
 9 SYSTEMPATH/rewrite.php(44): require_once('/Users/mendrika/Desktop/L2/S4/Systeme_info/PROJET_S4-1/public/index.php')
CRITICAL - 2026-05-11 03:11:38 --> ErrorException: require_once(/Users/mendrika/Desktop/L2/S4/Systeme_info/PROJET_S4-1/app/includes/fonctions.php): Failed to open stream: No such file or directory
[Method: GET, Route: wallet/devenirGold]
in APPPATH/Controllers/Wallet.php on line 42.
 1 APPPATH/Controllers/Wallet.php(42): CodeIgniter\Debug\Exceptions->errorHandler(2, 'require_once(/Users/mendrika/Desktop/L2/S4/Systeme_info/PROJET_S4-1/app/includes/fonctions.php): Failed to open stream: No such file or directory', '/Users/mendrika/Desktop/L2/S4/Systeme_info/PROJET_S4-1/app/Controllers/Wallet.php', 42)
 2 APPPATH/Controllers/Wallet.php(42): require_once()
 3 SYSTEMPATH/CodeIgniter.php(951): App\Controllers\Wallet->devenirGold()
 4 SYSTEMPATH/CodeIgniter.php(497): CodeIgniter\CodeIgniter->runController(Object(App\Controllers\Wallet))
 5 SYSTEMPATH/CodeIgniter.php(340): CodeIgniter\CodeIgniter->handleRequest(null, Object(Config\Cache), false)
 6 SYSTEMPATH/Boot.php(417): CodeIgniter\CodeIgniter->run()
 7 SYSTEMPATH/Boot.php(68): CodeIgniter\Boot::runCodeIgniter(Object(CodeIgniter\CodeIgniter))
 8 FCPATH/index.php(59): CodeIgniter\Boot::bootWeb(Object(Config\Paths))
 9 SYSTEMPATH/rewrite.php(44): require_once('/Users/mendrika/Desktop/L2/S4/Systeme_info/PROJET_S4-1/public/index.php')
DEBUG - 2026-05-11 03:14:17 --> Session: Class initialized using 'CodeIgniter\Session\Handlers\FileHandler' driver.
DEBUG - 2026-05-11 03:14:17 --> Session: Class initialized using 'CodeIgniter\Session\Handlers\FileHandler' driver.
DEBUG - 2026-05-11 03:15:55 --> Session: Class initialized using 'CodeIgniter\Session\Handlers\FileHandler' driver.
DEBUG - 2026-05-11 03:15:56 --> Session: Class initialized using 'CodeIgniter\Session\Handlers\FileHandler' driver.
DEBUG - 2026-05-11 03:15:57 --> Session: Class initialized using 'CodeIgniter\Session\Handlers\FileHandler' driver.
DEBUG - 2026-05-11 03:15:58 --> Session: Class initialized using 'CodeIgniter\Session\Handlers\FileHandler' driver.
DEBUG - 2026-05-11 03:16:25 --> Session: Class initialized using 'CodeIgniter\Session\Handlers\FileHandler' driver.
ERROR - 2026-05-11 10:18:13 --> Unknown column 'date_transaction' in 'order clause'
in SYSTEMPATH/Database/MySQLi/Connection.php on line 300.
 1 SYSTEMPATH/Database/MySQLi/Connection.php(300): mysqli->query('SELECT *
FROM `transactions`
ORDER BY `date_transaction` DESC
 LIMIT 5', 0)
 2 SYSTEMPATH/Database/BaseConnection.php(910): CodeIgniter\Database\MySQLi\Connection->execute('SELECT *
FROM `transactions`
ORDER BY `date_transaction` DESC
 LIMIT 5')
 3 SYSTEMPATH/Database/BaseConnection.php(827): CodeIgniter\Database\BaseConnection->simpleQuery('SELECT *
FROM `transactions`
ORDER BY `date_transaction` DESC
 LIMIT 5')
 4 SYSTEMPATH/Database/BaseBuilder.php(1649): CodeIgniter\Database\BaseConnection->query('SELECT *
FROM `transactions`
ORDER BY `date_transaction` DESC
 LIMIT 5', [], false)
 5 APPPATH/Controllers/Admin.php(22): CodeIgniter\Database\BaseBuilder->get()
 6 SYSTEMPATH/CodeIgniter.php(951): App\Controllers\Admin->index()
 7 SYSTEMPATH/CodeIgniter.php(497): CodeIgniter\CodeIgniter->runController(Object(App\Controllers\Admin))
 8 SYSTEMPATH/CodeIgniter.php(340): CodeIgniter\CodeIgniter->handleRequest(null, Object(Config\Cache), false)
 9 SYSTEMPATH/Boot.php(417): CodeIgniter\CodeIgniter->run()
10 SYSTEMPATH/Boot.php(68): CodeIgniter\Boot::runCodeIgniter(Object(CodeIgniter\CodeIgniter))
11 FCPATH/index.php(59): CodeIgniter\Boot::bootWeb(Object(Config\Paths))
12 SYSTEMPATH/rewrite.php(44): require_once('/Users/mendrika/Desktop/L2/S4/Systeme_info/PROJET_S4-1/public/index.php')
CRITICAL - 2026-05-11 10:18:13 --> CodeIgniter\Database\Exceptions\DatabaseException: Unknown column 'date_transaction' in 'order clause'
[Method: GET, Route: admin]
in SYSTEMPATH/Database/BaseConnection.php on line 865.
 1 SYSTEMPATH/Database/BaseBuilder.php(1649): CodeIgniter\Database\BaseConnection->query('SELECT *
FROM `transactions`
ORDER BY `date_transaction` DESC
 LIMIT 5', [], false)
 2 APPPATH/Controllers/Admin.php(22): CodeIgniter\Database\BaseBuilder->get()
 3 SYSTEMPATH/CodeIgniter.php(951): App\Controllers\Admin->index()
 4 SYSTEMPATH/CodeIgniter.php(497): CodeIgniter\CodeIgniter->runController(Object(App\Controllers\Admin))
 5 SYSTEMPATH/CodeIgniter.php(340): CodeIgniter\CodeIgniter->handleRequest(null, Object(Config\Cache), false)
 6 SYSTEMPATH/Boot.php(417): CodeIgniter\CodeIgniter->run()
 7 SYSTEMPATH/Boot.php(68): CodeIgniter\Boot::runCodeIgniter(Object(CodeIgniter\CodeIgniter))
 8 FCPATH/index.php(59): CodeIgniter\Boot::bootWeb(Object(Config\Paths))
 9 SYSTEMPATH/rewrite.php(44): require_once('/Users/mendrika/Desktop/L2/S4/Systeme_info/PROJET_S4-1/public/index.php')
CRITICAL - 2026-05-11 10:18:13 --> [Caused by] CodeIgniter\Database\Exceptions\DatabaseException: Unknown column 'date_transaction' in 'order clause'
in SYSTEMPATH/Database/MySQLi/Connection.php on line 310.
 1 SYSTEMPATH/Database/BaseConnection.php(910): CodeIgniter\Database\MySQLi\Connection->execute('SELECT *
FROM `transactions`
ORDER BY `date_transaction` DESC
 LIMIT 5')
 2 SYSTEMPATH/Database/BaseConnection.php(827): CodeIgniter\Database\BaseConnection->simpleQuery('SELECT *
FROM `transactions`
ORDER BY `date_transaction` DESC
 LIMIT 5')
 3 SYSTEMPATH/Database/BaseBuilder.php(1649): CodeIgniter\Database\BaseConnection->query('SELECT *
FROM `transactions`
ORDER BY `date_transaction` DESC
 LIMIT 5', [], false)
 4 APPPATH/Controllers/Admin.php(22): CodeIgniter\Database\BaseBuilder->get()
 5 SYSTEMPATH/CodeIgniter.php(951): App\Controllers\Admin->index()
 6 SYSTEMPATH/CodeIgniter.php(497): CodeIgniter\CodeIgniter->runController(Object(App\Controllers\Admin))
 7 SYSTEMPATH/CodeIgniter.php(340): CodeIgniter\CodeIgniter->handleRequest(null, Object(Config\Cache), false)
 8 SYSTEMPATH/Boot.php(417): CodeIgniter\CodeIgniter->run()
 9 SYSTEMPATH/Boot.php(68): CodeIgniter\Boot::runCodeIgniter(Object(CodeIgniter\CodeIgniter))
10 FCPATH/index.php(59): CodeIgniter\Boot::bootWeb(Object(Config\Paths))
11 SYSTEMPATH/rewrite.php(44): require_once('/Users/mendrika/Desktop/L2/S4/Systeme_info/PROJET_S4-1/public/index.php')
CRITICAL - 2026-05-11 10:18:13 --> [Caused by] mysqli_sql_exception: Unknown column 'date_transaction' in 'order clause'
in SYSTEMPATH/Database/MySQLi/Connection.php on line 300.
 1 SYSTEMPATH/Database/MySQLi/Connection.php(300): mysqli->query('SELECT *
FROM `transactions`
ORDER BY `date_transaction` DESC
 LIMIT 5', 0)
 2 SYSTEMPATH/Database/BaseConnection.php(910): CodeIgniter\Database\MySQLi\Connection->execute('SELECT *
FROM `transactions`
ORDER BY `date_transaction` DESC
 LIMIT 5')
 3 SYSTEMPATH/Database/BaseConnection.php(827): CodeIgniter\Database\BaseConnection->simpleQuery('SELECT *
FROM `transactions`
ORDER BY `date_transaction` DESC
 LIMIT 5')
 4 SYSTEMPATH/Database/BaseBuilder.php(1649): CodeIgniter\Database\BaseConnection->query('SELECT *
FROM `transactions`
ORDER BY `date_transaction` DESC
 LIMIT 5', [], false)
 5 APPPATH/Controllers/Admin.php(22): CodeIgniter\Database\BaseBuilder->get()
 6 SYSTEMPATH/CodeIgniter.php(951): App\Controllers\Admin->index()
 7 SYSTEMPATH/CodeIgniter.php(497): CodeIgniter\CodeIgniter->runController(Object(App\Controllers\Admin))
 8 SYSTEMPATH/CodeIgniter.php(340): CodeIgniter\CodeIgniter->handleRequest(null, Object(Config\Cache), false)
 9 SYSTEMPATH/Boot.php(417): CodeIgniter\CodeIgniter->run()
10 SYSTEMPATH/Boot.php(68): CodeIgniter\Boot::runCodeIgniter(Object(CodeIgniter\CodeIgniter))
11 FCPATH/index.php(59): CodeIgniter\Boot::bootWeb(Object(Config\Paths))
12 SYSTEMPATH/rewrite.php(44): require_once('/Users/mendrika/Desktop/L2/S4/Systeme_info/PROJET_S4-1/public/index.php')
DEBUG - 2026-05-11 11:07:53 --> Session: Class initialized using 'CodeIgniter\Session\Handlers\FileHandler' driver.
DEBUG - 2026-05-11 11:08:11 --> Session: Class initialized using 'CodeIgniter\Session\Handlers\FileHandler' driver.
DEBUG - 2026-05-11 11:08:23 --> Session: Class initialized using 'CodeIgniter\Session\Handlers\FileHandler' driver.
DEBUG - 2026-05-11 11:08:23 --> Session: Class initialized using 'CodeIgniter\Session\Handlers\FileHandler' driver.
DEBUG - 2026-05-11 13:05:35 --> Session: Class initialized using 'CodeIgniter\Session\Handlers\FileHandler' driver.
DEBUG - 2026-05-11 13:05:38 --> Session: Class initialized using 'CodeIgniter\Session\Handlers\FileHandler' driver.
